2.729431351423263763e+01
9.971845662593841197e+00
7.480397401452066219e+00
5.305469394922256043e+01
6.926872457861900756e+00
2.421446144580841064e+00
2.669760659933090352e+01
2.058813189506531316e+01
1.452723010063171216e+01
1.753541896104812281e+01
1.742511552333832014e+01
1.288587146580219311e+01
2.515531275808811174e+01
1.659150263994932217e+01
8.647683755636212766e+01
8.616262966990470673e+00
4.715581347942353396e+00
5.861401289701461792e+00
1.842343279063701900e+01
1.317439522504806249e+01
2.436343429565429375e+01
2.722659115630388271e+01
1.634287238478660598e+01
9.251238679885863903e+00
2.434256396293639924e+01
6.975689334869386471e+00
5.941911597251893440e+00
8.745092366218568003e+00
4.189539942741393475e+01
2.537701027750969729e+01
3.025465339422225952e+01
1.248186495780944583e+01
9.882648022174834068e+00
1.278115046352148099e+01
2.628048326283692759e+01
1.508676791191100985e+00
1.476071881723403756e+01
2.375729648971557495e+01
1.014015462398529266e+01
1.596544890880584688e+01
1.839027213931083438e+01
8.305329596996305241e+00
1.767431945800781223e+00
1.545080174684524010e+01
3.862626340389252011e+00
3.707485812902450384e+00
3.885087344932556164e+01
1.831192510509490745e+01
2.102434164583682730e+01
7.345097486972809619e+00
3.845878559887408699e+01
6.216230273246765137e+00
2.613018027305603397e+01
1.664796418523788546e+01
3.635411098599433899e+01
7.651169062554836309e+00
3.876568819582462311e+01
2.338409020900726532e+01
4.851745424807072027e+01
4.473735892176629036e+00
3.132109084725379944e+01
5.889513353407382468e+00
1.683803267002105741e+01
2.611501824855804621e+00
5.327853908538818573e+00
1.653914048576355000e+01
3.097473043590782638e+01
8.276772264719010508e+00
9.283059322834015248e+00
2.321083825111388776e+01
1.539499585151671823e+01
2.050722858428955675e+01
1.021129144936800159e+01
7.952853280067444075e+00
6.302895486354827881e+00
1.103320485234260495e+01
2.120616751193999860e+01
2.133919026300310406e+01
1.168684049844741857e+01
1.142975887298584148e+01
8.712257289886471412e-01
1.443013121759891604e+01
1.232957131028175546e+01
1.149611718893051027e+01
2.136871196508407422e+01
1.681049963474273667e+01
3.433987253570556675e+01
4.864390417933464050e+00
8.681733071804046631e+00
2.062057233333587547e+01
9.378408017158507803e+00
2.773402132987976110e+00
3.208088967204093933e+01
4.053997356891632542e+00
2.933489626884459867e+01
1.940317509889602832e+01
1.411466340541839770e+01
3.014487498998641968e+01
4.217555086314678015e+00
6.360356287956237864e+00
1.067274754047393870e+01
2.922765484750270559e+01
1.290416654586792156e+01
1.450507232367992394e+01
3.390512687802315384e+01
1.595473482549190614e+01
6.043089160919190128e+00
4.560918495059013367e+00
3.141008139699698276e+01
1.816907065391540499e+01
1.203392271041870174e+02
2.215923934578895427e+01
1.519762028217315653e+01
1.762947517633438110e+01
2.834978179335595172e+01
7.932373556971548112e+00
7.294440597295761108e+00
1.353670517349243241e+01
2.385845161437988438e+01
2.901908695936202420e+01
1.573654089033603398e+01
2.926122623085975860e+01
3.474256172180174929e+01
1.038287845611572280e+01
3.540566500663756244e+01
1.355556993484497319e+01
4.744786293506622954e+00
3.459557129704952416e+01
1.818333147317170884e+01
2.703079895973205282e+01
2.486023395538329694e+01
1.177245420992374569e+01
4.158456273078918741e+00
9.227636935710908261e+00
3.423134735703467157e+01
1.594513290524482585e+01
1.645987781286239837e+01
4.413655847549438960e+00
7.161713168919087025e+01
2.924017919600009918e+01
1.250622046709060697e+01
2.740458337366580110e+01
1.034245800971984863e+01
6.240232728719711019e+00
9.968483572006226368e+00
3.809223857402801450e+00
2.097322141826153086e+01
9.781167691230773897e+00
2.698983115434646152e+01
4.598361429214477880e+00
1.616085004806518555e+01
2.741702282071112862e+01
6.112441710233689207e+00
1.935286492407322001e+01
1.353722116112709628e+01
2.740306854248046875e+00
6.593708834648132289e+00
6.584813568890096391e+00
1.912709928512573043e+01
1.498498430788517055e+01
1.283569822263717697e+01
2.445896720409392344e+01
6.397433122992515209e+00
1.320244180154800517e+01
1.054903992557525783e+01
1.630139038562774800e+01
1.980320741891861402e+01
1.910340665435790797e+01
8.203208278119564767e+00
3.249954635238646716e+01
2.538195104598999308e+01
1.279038428521156057e+01
1.778821420669556019e+01
1.009565175473690033e+02
2.063023741722107474e+01
3.614422513008118898e+01
6.639412360191343510e+00
8.645125508308410645e+00
1.571372476339340274e+01
1.108947425842285206e+01
1.895234088063240208e+01
3.244165740013122701e+01
7.057907104492187500e+00
3.869769640803336852e+00
2.810137652683259546e+01
2.317386055231094488e+01
2.154665372371673726e+01
2.377690126299857454e+01
2.432797223091125716e+01
5.476776474714279530e+00
1.581375033855438517e+01
1.846274346733093807e+01
7.353852963447572222e+00
6.249713728427886750e+00
1.277353159368037794e+01
1.321000142955780277e+01
1.431512900233268404e+01
3.104341738820077268e+01
1.176160732507705653e+01
1.940797877311706721e+00
1.170382382297515989e+01
1.177334197700023566e+01
4.624288749694824396e+00
1.798680947589874535e+01
1.360073080730438022e+01
1.453211957603693172e+01
8.852899260282514504e+00
6.831065165996552224e+00
5.928817772865295765e+00
7.950274533033369728e+00
6.737048425078391745e+00
4.314616581082344027e+01
2.968468756973743439e+01
8.585148286819455077e-01
1.840018268156051917e+01
3.703076003074645683e+01
1.025258230030536666e+01
4.808460578918458239e+00
1.889144680964946943e+01
9.824373863637447357e+00
5.034331287813187572e+01
1.030549800872802813e+01
2.396702865436673591e+01
9.036521420478820232e+00
8.925621319293975731e+00
3.383891587257385147e+00
1.195282296180725012e+01
4.102435047626494580e+00
3.647154750823975000e+00
1.838822817564010847e+01
5.433765993118286453e+00
6.760508493185042767e+00
1.671192443609237799e+01
1.591232810020447097e+01
2.934044076763094111e+01
2.059335156083107421e+01
5.503125784397125742e+00
1.023146411180496074e+01
2.285438504219055034e+00
4.827437055110931574e+00
5.863187944889068248e+00
2.101005625724792658e+00
1.277040093195438430e+01
1.673357783985138170e+01
2.399749809205532358e+01
1.152366478264331917e+01
1.107156023073196316e+01
1.748548912048339687e+01
3.863972974896431367e+01
1.640137077569962187e+01
1.171036044597625292e+01
7.048281030356883470e+00
8.674764931201934814e+00
1.541868729293346263e+01
2.693118924498558187e+01
2.722719072103500615e+00
1.024077991247177088e+01
4.419517368078231812e+00
2.028356651449204051e+01
3.776207291364669061e+01
2.528344396591186438e+01
3.489131566286086894e+01
2.480588690817356223e+01
3.921574169158935419e+00
2.164797558665276256e+01
1.791200492940843603e+01
2.084134445667267244e+01
1.833994003653526406e+01
6.381057140827178387e+01
3.941987235546111634e+00
5.665706312656402233e+00
1.770359723329543655e+01
4.201270428717137406e+01
1.246603167581558225e+01
1.290033192157745034e+01
5.517667417526244833e+01
4.398993567228318113e+01
2.565699064731597812e+00
4.867781588435173390e+00
9.027674934864045042e+00
9.444185039401055803e+00
6.551398940086365030e+00
4.021255807876586985e+00
1.154786998987198032e+01
2.210913912951946259e+01
9.575583720207214711e+00
2.617978712081909620e+01
8.843254499435426297e+00
1.976811306977271343e+01
3.337755694389343120e+01
1.540046345591545318e+01
9.357169628143310547e+00
4.855869422245024936e+01
3.028110099029541047e+01
2.503009946632385407e+01
8.484092305898666808e+00
2.096316881738603755e+01
4.495095526695250499e+01
9.759782808542254884e+01
4.270777946758269650e+01
1.301313444113731244e+01
7.576517889052629684e+00
7.443121540546417947e+00
1.926998931407928595e+01
2.906805352389812924e+01
2.331328190183639038e+01
1.424326926469802856e+01
9.170487672686578051e+00
1.628617033362388611e+01
4.791732594370841980e+00
1.242321857738495261e+01
8.741561971902847006e+00
4.479727371215819431e+01
1.507076254755258304e+01
1.072787241697311345e+01
1.824112790107726312e+01
3.671878504753112793e+01
3.784351077556611820e+00
1.923025161027908325e+00
2.368491252899169908e+01
1.908347129487991367e+01
4.090782594323158605e+01
2.585670016109942893e+01
9.205623826026915424e+00
3.369730395317077409e+01
2.022391822093725366e+01
3.004231938362120857e+01
4.671431336402893209e+00
3.679937541484832764e+00
7.671377983093261577e+00
1.722996335029602122e+01
2.232631754517554867e+01
4.090888641774654388e+00
2.392832401990889934e+01
4.724488079547882080e+00
3.297422898411750225e+01
2.860073095560073853e+01
5.332220706939697408e+00
1.443003005743026712e+01
1.804614503383636404e+01
1.488243120670318653e+01
2.521384148240089473e+01
5.371803662776946986e+00
1.601733602523803413e+01
1.318323869943618831e+01
2.105816946268081935e+01
9.794439534187317165e+00
1.740150527954101278e+01
6.881923335790634866e+00
1.508871779441833372e+00
1.350958934724330796e+01
2.450504699051380086e+01
4.743587510585785338e+01
1.808878349781036121e+01
9.991004556417465210e+00
9.472216899394991785e+00
7.097162850946189927e+00
2.277987179660797068e+01
3.711061072826385754e+01
6.016702513694763610e+00
1.553338150882720825e+01
6.295747460126876582e+00
1.155446613788604715e+01
2.959980411350726826e+01
7.882189683914184286e+00
2.650647643804550668e+01
7.824514262676238729e+00
7.553194365501405549e+00
1.149042569398879721e+01
1.378608337640762116e+01
7.244696458578109954e+00
9.189593112468717351e+00
3.251020981788634856e+01
1.987433993816375377e+01
1.335956613302231055e+01
1.224147279739380068e+01
1.549375872015952993e+01
7.210836707353591279e+00
1.755466854572296143e+01
1.277084650182723990e+01
1.162921338081359579e+01
5.020060330867767107e+01
2.113607758373021639e+01
9.493238910913467166e+00
3.285763325691223713e+01
7.009707906246185338e+00
5.896296036839485666e+00
8.920657491922376892e+00
2.855723124742508112e+00
3.314303283929825739e+01
5.751674588441849068e+01
2.261233673095702557e+01
6.480551567077638353e+00
1.486331792533397866e+01
7.169799637794495695e+00
4.462706439495086386e+00
5.974734380722046723e+01
4.736027347326278658e+01
1.644605650138855424e+01
8.987759627103805826e+00
1.096230281591415512e+01
7.858415002822876971e+00
1.411837955951690660e+01
6.253945499777793771e+01
7.486122282743453482e+00
2.178435578823089003e+01
7.477778524160384244e+00
2.345548616991937507e+01
1.315275830066203966e+01
7.020225138068199477e+00
2.252197665882110655e+01
1.449603486537933072e+01
1.799707353666424581e+01
1.301793803453445264e+01
1.043253342437744102e+01
1.194103411734104192e+01
1.075033887863159165e+01
3.059811138391495078e+01
1.715263000965118323e+01
5.516725540161132812e+00
1.543038533687591496e+01
1.872918766641617694e+01
1.729391961097717711e+01
3.157009243220090866e+01
1.731756069469452086e+01
9.285961995601653030e+00
7.225251553058624765e+00
2.191630339622497647e+00
4.251290853500366396e+00
7.030314824676513297e+01
2.771373345494270168e+01
1.615973516702651835e+01
4.359327338981628941e+01
1.649896163344383027e+01
2.273420266628265551e+01
1.966081852376461470e+01
5.615912922620773351e+00
1.254828212678432386e+01
9.249954463839529240e+00
9.681618921756744101e+00
3.678008060455322692e+00
3.204690041351318541e+01
6.879938273429871742e+00
1.740020246088504052e+01
3.571813465356827066e+01
2.532809746742248791e+01
6.892972540855408781e+00
2.395463056325912632e+01
5.180025959014892933e+00
2.007789965438842472e+01
4.623133435249329182e+01
2.511886214888096447e+01
2.922827946901321283e+01
1.878882469367980335e+01
4.137853548526764236e+00
4.219169773101808119e+01
3.115572813808917729e+01
1.037081737816333771e+01
4.591333048892023783e+01
7.116144356727598819e+00
1.129496252536773770e+00
3.002978698492050924e+01
5.003333032131195068e+00
1.359518019437790670e+01
1.542726253867149566e+01
1.530469863301515332e+01
1.329541917800903406e+01
3.067155694961547496e+00
9.240099692344667659e+00
2.423248257637023784e+00
1.330462135732174112e+01
5.726004266738891069e+00
3.065665980339051089e+01
2.366196964740752762e+01
2.113631673991680415e+01
8.943658385276792444e+01
9.978664571046829579e+00
2.509654350459575411e+01
4.711421752899887139e+01
2.651388305473328089e+01
1.429829422473907563e+01
5.085285248756408194e+00
4.100332828903198390e+01
1.162628950285911600e+01
2.636550116896629348e+01
4.764654840469360408e+01
1.425228079032898165e+01
4.412818890810012995e+00
4.069433755874634073e+00
3.910990489959715433e+01
1.840864849448204055e+01
1.453192385196685876e+01
6.741634354591369060e+00
6.974597319602965584e+00
9.916770387887952509e+00
6.607397794723510742e+00
2.587268743991851139e+01
5.680767890423537381e+01
2.435506861543655432e+01
2.299629048347472704e+01
3.187061487674712978e+01
1.779721812248229895e+01
1.480620512396097155e+01
2.069803312301635856e+01
6.359491946697234610e+00
2.780720591545104980e+00
6.488775359988212976e+00
6.252091422080993333e+00
5.649893176555632834e+00
1.877145471453666659e+01
6.376976165771483629e+00
1.037563669061660754e+01
8.285553216934204102e+00
1.266205873608589272e+01
1.418790162563323776e+01
5.716389799118040571e+00
6.212100567221640723e+00
1.002615664005279683e+01
1.168331908077001557e+01
1.204537083238363238e+01
1.168982207775115967e+01
2.628943108558654629e+01
2.461105905771255919e+01
1.043631108403205943e+01
9.450372297167779934e+00
5.975247323513031006e+00
2.183396458148956043e+01
4.478545474000275028e+00
7.759851861000061746e+00
9.025208358764647443e+00
1.568896808695793332e+01
3.649838739633560181e+01
9.997409725189209340e+00
4.550350723266601172e+00
6.393176354885101276e+00
8.984028136134147857e+00
1.909016669154167190e+01
3.928175091147421938e+01
2.863479570955037801e+01
1.103816109120845468e+01
1.325237631499767232e+01
1.472228970289230432e+01
6.040569703280925573e+00
8.227250701189040782e+00
5.918012269139291348e+00
8.802592649459837659e+00
5.514789623975753230e+00
4.887996176242828739e+01
2.009642521858215503e+01
1.735206174850463867e+01
5.846864831447601496e+00
9.252042033672331911e+00
1.988948414230347339e+01
4.709829756259918554e+01
4.816906037628650239e+01
3.393337246894836312e+01
9.117787516117093816e+00
3.630589564132689162e+01
2.420611374855040765e+01
3.807822790741920471e+01
1.248907306671142514e+01
4.938600553512573654e+00
1.469095852792263202e+01
3.739059567451477051e+00
1.817938359975815032e+01
2.962015340238810523e+01
5.641061010360719052e+00
1.970600715637205980e+01
8.217406135797499900e+00
3.680809123188257104e+01
9.997080535888671626e-01
7.432232646942138032e+00
9.596302943229673588e+00
1.236633731842040618e+01
1.049693565845489296e+01
7.148011382818222792e+00
7.674539959430696001e+00
3.969389055490493945e+01
1.498564176082611077e+01
4.726674992561340360e+01
1.139759276807308197e+01
4.163397534847259607e+01
1.641812708377837993e+01
9.059471408843995377e+00
3.580398942381143002e+01
4.398691146433353794e+00
3.232316887855530751e+01
4.772274163842201489e+01
1.379707962989806980e+01
7.869704532623290838e+00
7.026510667800904386e+00
2.771717888927459938e+01
1.006685686111450195e+01
2.270758796977996852e+01
9.215540226697923387e+00
1.278664706230163972e+01
8.049803752899169496e+00
1.724077290058136214e+01
1.788191418647766184e+01
1.936235977411270071e+01
7.142622644603252802e+00
9.790744876861570134e+00
1.049601634025573738e+01
2.794035291671753640e+01
9.952776941299436686e+00
2.334365772187709354e+01
1.681875670552253510e+01
1.153424174785614120e+01
4.072873446941375875e+00
4.299919488430023584e+00
1.058025779604911598e+01
3.010437582492827602e+01
1.442967264175414854e+01
1.953418678641318706e+01
1.787665211200714310e+01
2.538022726356983227e+01
4.822334509253501977e+01
2.407792204976081862e+01
1.261761544942855373e+01
8.390635449886319819e+00
7.107464898824689570e+00
1.844289749145507784e+01
2.112567178964614811e+01
2.379851720333099152e+01
5.275368561744690155e+00
2.295538130956887812e+01
2.095639563798904703e+00
1.306510267770290312e+01
3.213584926128387309e+00
5.255229949951171875e+00
4.809454199075698710e+00
6.852878229022025813e+00
2.304742946100234136e+01
1.796331027805805647e+01
2.677515186786652279e+01
5.419086817502974718e+00
3.822433514595032111e+00
5.534602605342863768e+01
1.653712638854980455e+01
1.134752487540245092e+01
2.429132298088073583e+01
1.279781946599483611e+01
3.211698932647705007e+00
2.642600246429443800e+01
7.811372137069703570e+00
4.247221679687500284e+01
2.356074560642241877e+01
4.618098847866058065e+00
4.311730265617370605e+00
1.646893665128946083e+01
5.304525603199007122e+01
3.373045041561127277e+00
9.187675773620604502e+00
5.779454374313354847e+00
4.944811486244201859e+01
1.339166250801086377e+01
1.723323874759674013e+01
5.338970291614532293e+00
9.118029332160947575e+00
1.272465581893920827e+01
6.757376610279084872e+00
2.192093190193176611e+01
8.853721916675567627e+00
1.917528207078576230e+01
1.261833707809448235e+01
2.152163417100906173e+01
2.459015596508979229e+01
6.592619165182112440e+00
2.943858708381652889e+01
7.391878753900527954e+00
8.202800025939941619e+00
1.524544626057147489e+01
3.132298975825308673e+01
4.711374130249023295e+00
1.351282085657119936e+01
6.101262998580931907e+00
8.130112269115448953e+01
1.275644597202539643e+01
2.638230535507202212e+00
1.187309151530266149e+01
1.042833772242069301e+01
1.536712051391601541e+01
2.706810518682003064e+01
2.314899390697479120e+01
5.538654124140739654e+00
1.299492424106598065e+01
2.807580196857452748e+01
2.208286624312400548e+01
1.181679476165771625e+01
5.691496077179908575e+00
7.868207007646560669e+00
4.158200494766235877e+00
8.971965866088867259e+00
8.796153855323790793e+00
1.849546292185783258e+01
2.445186464786529612e+01
1.586408211171627158e+01
1.287216332912444905e+01
1.154855219841003588e+01
5.600711340904235946e+00
2.756294257164001138e+01
9.424435067176819558e+00
1.669236671447753650e+01
5.255179756879806874e+00
2.653723936080932155e+00
7.099247184991837045e+00
4.275984742045402243e+00
1.097122342014312579e+01
1.244431661760807017e+01
1.398013269424438576e+01
1.409669834136962763e+01
5.981254100799560547e+00
2.350866840481757869e+00
6.012124896049499512e+00
3.854638060331344462e+01
8.019766259193421121e+00
5.201249023437500618e+00
1.657176110744476460e+01
5.799796315479279230e+01
5.880185978412628245e+00
6.797829359769821167e+00
5.860885663032531667e+00
8.483491568565368368e+01
1.948346032595635080e+01
1.882509677767753331e+01
1.649587181091308352e+01
2.951505410671234397e+00
7.981823381125925820e+00
1.262333724141121039e+01
3.150645891666411913e+01
1.004348174571990882e+01
1.153746238350868225e+01
1.733199273645877980e+01
1.037690164566039996e+01
2.312122141718864299e+01
4.758179497718810325e+00
3.727871101856231917e+01
1.124849831998348293e+01
6.631508469581604004e+00
8.756998891353607206e+00
1.733980253338814137e+01
1.001438064545392947e+01
5.538855471611022985e+00
2.894145388841628375e+01
2.857311643218994845e+01
2.071189960575103939e+01
6.315168941497804056e+00
3.940306389331817094e+00
9.058927047252655740e+00
9.161735204458237192e+00
1.552086743235587818e+01
2.981776364564896298e+01
1.159814437061548631e+01
3.851510817408561849e+01
1.145173027658462495e+01
5.125761890411377664e+01
2.121697764039039313e+01
8.095909722149372101e+00
2.527632271647452811e+01
2.379571069240570225e+01
1.761802095139026747e+01
3.919576328039169510e+01
2.229544885575771218e+01
2.369196190297603266e+01
1.395383920133113520e+01
1.460590668916701951e+01
1.616975409984588552e+00
2.346961874008179194e+01
4.489415210485459085e+01
1.018107073545455954e+01
1.669128780364990305e+01
2.303022615909576132e+01
4.212055413246154956e+00
1.142647550106048548e+01
1.127571157693862780e+01
4.123296695530414269e+01
2.194952366948127676e+01
5.522536361217498246e+00
1.443018639516830426e+01
6.568353869915007692e+00
7.719430983066558838e+01
7.044479912519454601e+00
2.822016259431839202e+00
3.910362043380737873e+01
2.004668528139590578e+01
2.370471130549908523e+01
6.805174867510793923e+00
2.733057613849639722e+01
5.714361786842345481e+01
5.600295758247375133e+00
1.383732924461364888e+01
1.839761772549152496e+01
3.560157717943190647e+01
8.618738699555397176e+00
1.190977446466684242e+01
1.613425675630569600e+01
2.169330985426902814e+01
6.336385858058930509e+00
6.894165934324263389e+00
1.613887506842613107e+01
6.349142018556594103e+00
2.668108715057372748e+01
3.224737481027840857e+01
9.157489339113235260e+00
5.451077588534352003e+01
1.106347074508667205e+01
3.999212510943413434e+01
2.202012732952833218e+01
2.298384445470571791e+01
1.359338250160217321e+01
7.781314880549906832e+00
2.313339482307433315e+01
1.660410634231567428e+01
4.815792156457901996e+01
1.384853206217289134e+01
1.606019483506679535e+01
8.026679301261900434e+00
3.629211306929589398e+01
2.377962603867053559e+01
9.859291357994077032e+01
1.216149169921875028e+01
1.682092980861663634e+01
5.567098400592803920e+00
5.596552173137663289e+01
1.641636280536651782e+01
3.542953502655028508e+00
5.325322419404983521e+00
1.285317493855953330e+01
8.946203751564027584e+00
1.014539198279380905e+01
1.809477000832557891e+01
1.743655960559844953e+00
1.471847744894027343e+01
6.678446464538575711e+00
8.752871936559674992e+00
4.276517329216003027e+00
3.049396267294883955e+01
1.438856854152679432e+01
1.000885205626487817e+01
7.431281148195266084e+00
2.230477827310562589e+01
1.900071740448474955e+01
8.890669592618941408e+00
6.639176293611527058e+00
3.339521745681761900e+01
4.335583082556723866e+01
3.337543582916259854e+00
5.905122523307799298e+00
1.999872617721557777e+00
1.564650696945190944e+01
6.592484936475752022e+01
6.987336359024047816e+00
1.150985408782958963e+01
1.850024670362472534e+01
1.124791004300117336e+01
2.069507589340209819e+01
5.118574223518372435e+00
1.613422419339418568e+01
1.416944544601440370e+01
2.746551748871803156e+01
1.294615136444568648e+01
1.855107783198356586e+01
2.904280426979065055e+01
7.481483030319213690e+00
8.322607910633088579e+00
5.649244504714011583e+01
3.025749629735945945e+01
3.482546227455139132e+01
1.690428132534027128e+01
1.143557295989990195e+02
1.448697075843810822e+01
6.570950393676760370e+00
1.078289753150940200e+01
3.108555552959442192e+00
6.821927616119385362e+00
2.874483374595642360e+01
7.728239533305167441e+00
1.689823873877525529e+01
1.622755679130554185e+01
3.876986834049223063e+01
3.046816946230829259e+01
2.991981383562088759e+00
1.317357616275548793e+01
1.559372870445251280e+01
1.563302716827392835e+01
9.654961998939512569e+00
5.434873718023299993e+00
7.793612599372863770e+00
1.317201693058013845e+01
4.293781429648399595e+00
1.325006528496742497e+01
1.234938570261001622e+01
6.066935484409333057e+00
1.627004536628723130e+01
2.056948668003082048e+01
4.053165556192397823e+00
4.479747877120971111e+00
2.224640300750732180e+01
1.000011343097686733e+01
2.691811732947826385e+01
1.412762813234329329e+01
3.476003011465071779e+01
3.406709785401822188e+01
5.876506634950636965e+00
1.672428443431854106e+01
1.132284560203552282e+01
2.121596703767776049e+01
3.636073812842369080e+01
1.334861066818237063e+01
2.523536512851714875e+00
1.050462400913238525e+01
1.575383008480072178e+01
7.206777484416962309e+00
1.379493425941467422e+01
7.949681563377382076e+00
5.896541360616683214e+00
1.019114778459072213e+01
1.574126898527145002e+01
2.181224729299545118e+01
6.190123049765825058e+00
1.629548578953743032e+01
5.935711181163789263e+00
4.517481419563293343e+01
6.257462719082832692e+00
2.759320759177208160e+01
1.298590861320495549e+01
5.362346000671386115e+00
7.598580810308455113e+00
1.480552169322967515e+01
6.563092610239982250e+00
4.981743729233743068e+01
5.474141576290133315e+00
2.314133040308952260e+01
1.704613153934478831e+01
6.236601200699806391e+00
9.687006683349611791e+00
1.949832298755645255e+01
6.885803211331367635e+00
6.808056739807128110e+00
2.810529861688613806e+01
6.201654693484305980e+00
1.243619813442230182e+01
2.231484658718109060e+01
8.173395694196223360e+00
1.109881029963493226e+01
2.459441053748130912e+01
2.731966086566448126e+01
2.580135893821716309e+01
7.301364488601684855e+00
1.388635943502187331e+01
1.073320857524871741e+01
7.659836366653442141e+00
1.717747898244858007e+01
1.504312256664037051e+01
2.676004816293715649e+01
6.310760300159454772e+00
1.649247734916210106e+01
6.411676900386810374e+00
6.530047246813774464e+00
9.024339447021484162e+00
1.874072985649109313e+01
1.242250085258483594e+01
2.686717724323272805e+01
4.014175517320632025e+01
1.437985351562499758e+01
1.250976958084106627e+01
7.771970748901367188e+00
2.245274304151534750e+01
1.743711692333221208e+01
2.916735537052154825e+01
1.747469478607177606e+01
6.374391124963760369e+00
4.692346886575222698e+01
1.880970224738121388e+01
8.549492613375186068e+00
7.087877961397171589e+01
7.072882740497588472e+00
9.922373449802400103e+00
7.298163199424743119e+00
1.849264054775237298e+01
9.537522498071192345e+00
1.764654415082931393e+01
3.683354118108749020e+01
1.632206634357571673e+01
7.675070446014405690e+00
7.612298779487609579e+00
1.538735406756401147e+01
4.974800434112548686e+00
2.267617540359496786e+01
1.809286185413598602e+01
1.498660010147094468e+01
2.440642163228988082e+01
1.086511863827705149e+01
1.672096655666828013e+01
1.883239569664001856e+00
2.119426019191742228e+01
3.119048222899436951e+01
5.519275959968567236e+00
1.126534161567688130e+01
5.147405993938446223e+00
8.347661989927292581e+00
6.034682796001433758e+00
3.414960923194885822e+01
1.204527737498283280e+01
5.387815608978270632e+01
1.085191806197166287e+01
6.499311099052428098e+00
1.125053755939007161e+01
2.638922710800170890e+01
7.607885974645614446e+00
2.081830300307274584e+01
4.892293894112108887e+01
2.879483298778534106e+01
8.755310843706130441e+00
1.572715480089187956e+01
1.187745276927947913e+01
6.033724133968353165e+00
3.628346309900284439e+01
1.646937315940857260e+01
3.499004416465759704e+01
7.189030039310456921e+00
2.314260106563568442e+01
2.514646855592727448e+01
2.402263219356536794e+01
5.332328286170959331e+00
3.151036006927489908e+01
1.252641959190368581e+01
2.742341556310653061e+01
2.008729751491546267e+01
2.802741813659668235e+00
2.189170339226722817e+01
1.376595783233642578e+01
7.237167518138885924e+00
1.709048467040062036e+01
2.385410598468780208e+01
6.217622292041777854e+00
3.561632980346679744e+00
1.844430324804782728e+01
1.588030644297600169e+01
2.576536095762252643e+01
5.223035101890563858e+00
1.969779431194067243e+01
1.854382651329040499e+01
2.285168809413909585e+01
1.344068411231041438e+01
9.221509216308596990e+00
1.526702049255371207e+01
6.989615169167517905e+00
3.949197599589824748e+00
8.859377565383910635e+00
1.831251804268359962e+01
2.344865798950195312e-01
1.286960403060912839e+01
5.951645216941833461e+00
2.370679550170898153e+01
1.391051167219876739e+01
1.616531078672409194e+01
1.113544328451156673e+01
1.787324739456176559e+01
1.618751005291938938e+01
1.300955941677093719e+01
2.375286605691909614e+01
2.416937267541884538e+01
3.490847192585468406e+01
4.960159356880186721e+01
1.413821921311318697e+01
9.481191122531891224e+00
1.517215026617050277e+01
1.420827502489090044e+01
9.251912586688995077e+00
1.278699979823827704e+01
1.059951870441436661e+01
4.536367994546889548e+00
1.183958217948674907e+01
1.578480621814728124e+01
1.396767911237478188e+02
5.569366431236266735e+00
9.182821416854856977e+00
8.659582972526550293e+00
2.284805307507515693e+01
1.001193795263767328e+01
9.624922399520874805e+00
3.362585320651532328e+01
4.299117612659931353e+01
2.023780597597360753e+01
8.557650208473203790e+00
1.914472236990928522e+01
1.174103329837322462e+01
7.368701721429824048e+00
8.547216901779174592e+00
1.313766542911529811e+01
1.758278563022613028e+01
6.396397142410277681e+00
6.985720538377761635e+00
1.744295031309128063e+01
1.817733328431845052e+01
1.467534583032131934e+01
5.495896423566341582e+01
1.381467862129211355e+01
4.053704364299774099e+00
1.731666510581970186e+01
9.164351508766412024e+00
1.697583033740520619e+01
7.229842436313629328e+00
1.795590400886536031e+01
7.826615196466445212e+00
1.596773591756820565e+01
1.186814062881469845e+01
2.461974996924400472e+00
1.352506151151656866e+01
1.524281612396240071e+01
2.504509671688080630e+01
1.006955518722534038e+01
1.758560542678832661e+01
2.938910705447196037e+01
5.962436103820799360e+00
1.416500969791412423e+01
1.087416882324218825e+01
5.661843803822994126e+00
2.964222947359084870e+01
3.475710401296615260e+01
3.452586927413939577e+00
3.170680475234985085e+00
4.127787651300430127e+01
1.946349341678619282e+01
1.051005551958084183e+01
2.857266267344355626e+01
2.168766108131408998e+01
